[INFO] Scanning for projects...
[INFO] 
[INFO] ----------------------< com.appecologica:backend >----------------------
[INFO] Building backend 0.0.1-SNAPSHOT
[INFO]   from pom.xml
[INFO] --------------------------------[ jar ]---------------------------------
[INFO] 
[INFO] >>> spring-boot:3.2.5:run (default-cli) > test-compile @ backend >>>
[INFO] 
[INFO] --- resources:3.3.1:resources (default-resources) @ backend ---
[INFO] Copying 2 resources from src\main\resources to target\classes
[INFO] Copying 0 resource from src\main\resources to target\classes
[INFO] 
[INFO] --- compiler:3.11.0:compile (default-compile) @ backend ---
[INFO] Changes detected - recompiling the module! :input tree
[INFO] Compiling 56 source files with javac [debug release 17] to target\classes
[INFO] Annotation processing is enabled because one or more processors were found
  on the class path. A future release of javac may disable annotation processing
  unless at least one processor is specified by name (-processor), or a search
  path is specified (--processor-path, --processor-module-path), or annotation
  processing is enabled explicitly (-proc:only, -proc:full).
  Use -Xlint:-options to suppress this message.
  Use -proc:none to disable annotation processing.
[WARNING] /c:/Users/User/Downloads/appecologica-main/backend/src/main/java/com/appecologica/backend/model/OrdenServicio.java:[34,25] @Builder will ignore the initializing expression entirely. If you want the initializing expression to serve as default, add @Builder.Default. If it is not supposed to be settable during building, make the field final.
[WARNING] /c:/Users/User/Downloads/appecologica-main/backend/src/main/java/com/appecologica/backend/model/Vehiculo.java:[34,21] @Builder will ignore the initializing expression entirely. If you want the initializing expression to serve as default, add @Builder.Default. If it is not supposed to be settable during building, make the field final.
[INFO] 
[INFO] --- resources:3.3.1:testResources (default-testResources) @ backend ---
[INFO] skip non existing resourceDirectory c:\Users\User\Downloads\appecologica-main\backend\src\test\resources
[INFO] 
[INFO] --- compiler:3.11.0:testCompile (default-testCompile) @ backend ---
[INFO] No sources to compile
[INFO] 
[INFO] <<< spring-boot:3.2.5:run (default-cli) < test-compile @ backend <<<
[INFO] 
[INFO] 
[INFO] --- spring-boot:3.2.5:run (default-cli) @ backend ---
[INFO] Attaching agents: []

  .   ____          _            __ _ _
 /\\ / ___'_ __ _ _(_)_ __  __ _ \ \ \ \
( ( )\___ | '_ | '_| | '_ \/ _` | \ \ \ \
 \\/  ___)| |_)| | | | | || (_| |  ) ) ) )
  '  |____| .__|_| |_|_| |_\__, | / / / /
 =========|_|==============|___/=/_/_/_/
 :: Spring Boot ::                (v3.2.5)

2025-11-29T13:35:16.419-03:00  INFO 19160 --- [           main] c.a.backend.BackendApplication           : Starting BackendApplication using Java 21.0.7 with PID 19160 (C:\Users\User\Downloads\appecologica-main\backend\target\classes started by User in c:\Users\User\Downloads\appecologica-main\backend)
2025-11-29T13:35:16.419-03:00  INFO 19160 --- [           main] c.a.backend.BackendApplication           : The following 1 profile is active: "test"
2025-11-29T13:35:18.223-03:00  INFO 19160 --- [           main] .s.d.r.c.RepositoryConfigurationDelegate : Bootstrapping Spring Data JPA repositories in DEFAULT mode.
2025-11-29T13:35:18.408-03:00  INFO 19160 --- [           main] .s.d.r.c.RepositoryConfigurationDelegate : Finished Spring Data repository scanning in 170 ms. Found 8 JPA repository interfaces.
2025-11-29T13:35:19.601-03:00  INFO 19160 --- [           main] o.s.b.w.embedded.tomcat.TomcatWebServer  : Tomcat initialized with port 8080 (http)
2025-11-29T13:35:19.624-03:00  INFO 19160 --- [           main] o.apache.catalina.core.StandardService   : Starting service [Tomcat]
2025-11-29T13:35:19.624-03:00  INFO 19160 --- [           main] o.apache.catalina.core.StandardEngine    : Starting Servlet engine: [Apache Tomcat/10.1.20]
2025-11-29T13:35:19.736-03:00  INFO 19160 --- [           main] o.a.c.c.C.[Tomcat].[localhost].[/]       : Initializing Spring embedded WebApplicationContext
2025-11-29T13:35:19.736-03:00  INFO 19160 --- [           main] w.s.c.ServletWebServerApplicationContext : Root WebApplicationContext: initialization completed in 3230 ms
2025-11-29T13:35:19.786-03:00  INFO 19160 --- [           main] com.zaxxer.hikari.HikariDataSource       : HikariPool-1 - Starting...
2025-11-29T13:35:20.139-03:00  INFO 19160 --- [           main] com.zaxxer.hikari.pool.HikariPool        : HikariPool-1 - Added connection conn0: url=jdbc:h2:mem:appecologica_test user=SA
2025-11-29T13:35:20.141-03:00  INFO 19160 --- [           main] com.zaxxer.hikari.HikariDataSource       : HikariPool-1 - Start completed.
2025-11-29T13:35:20.155-03:00  INFO 19160 --- [           main] o.s.b.a.h2.H2ConsoleAutoConfiguration    : H2 console available at '/h2-console'. Database available at 'jdbc:h2:mem:appecologica_test'
2025-11-29T13:35:20.347-03:00  INFO 19160 --- [           main] o.hibernate.jpa.internal.util.LogHelper  : HHH000204: Processing PersistenceUnitInfo [name: default]
2025-11-29T13:35:20.439-03:00  INFO 19160 --- [           main] org.hibernate.Version                    : HHH000412: Hibernate ORM core version 6.4.4.Final
2025-11-29T13:35:20.495-03:00  INFO 19160 --- [           main] o.h.c.internal.RegionFactoryInitiator    : HHH000026: Second-level cache disabled
2025-11-29T13:35:20.862-03:00  INFO 19160 --- [           main] o.s.o.j.p.SpringPersistenceUnitInfo      : No LoadTimeWeaver setup: ignoring JPA class transformer
2025-11-29T13:35:20.937-03:00  WARN 19160 --- [           main] org.hibernate.orm.deprecation            : HHH90000025: H2Dialect does not need to be specified explicitly using 'hibernate.dialect' (remove the property setting and it will be selected by default)
2025-11-29T13:35:22.653-03:00  INFO 19160 --- [           main] o.h.e.t.j.p.i.JtaPlatformInitiator       : HHH000489: No JTA platform available (set 'hibernate.transaction.jta.platform' to enable JTA platform integration)
Hibernate: drop table if exists clientes cascade 
Hibernate: drop table if exists historial_labor cascade 
Hibernate: drop table if exists materiales cascade 
Hibernate: drop table if exists ordenes_servicio cascade 
Hibernate: drop table if exists puntos_recoleccion cascade 
Hibernate: drop table if exists rutas cascade 
Hibernate: drop table if exists users cascade 
Hibernate: drop table if exists vehiculos cascade 
Hibernate: create table clientes (id bigint generated by default as identity, contacto_email varchar(255), contacto_telefono varchar(255), direccion varchar(255), nombre varchar(255), primary key (id))
Hibernate: create table historial_labor (fecha date, puntos_completados integer, chofer_id bigint, id bigint generated by default as identity, resumen varchar(255), primary key (id))
Hibernate: create table materiales (precio_referencia float(53) not null, id bigint generated by default as identity, descripcion varchar(255), nombre varchar(255), unidad_medida varchar(255), primary key (id))
Hibernate: create table ordenes_servicio (id bigint generated by default as identity, punto_id bigint, ruta_id bigint, estado varchar(255) check (estado in ('PENDIENTE','EN_PROCESO','COMPLETADA')), observacion varchar(255), primary key (id))
Hibernate: create table puntos_recoleccion (cliente_id bigint, id bigint generated by default as identity, contenedor varchar(255), direccion varchar(255), material varchar(255), observaciones varchar(255), primary key (id))
Hibernate: create table rutas (fecha date, chofer_id bigint, id bigint generated by default as identity, vehiculo_id bigint, primary key (id))
Hibernate: create table users (enabled boolean not null, id bigint generated by default as identity, email varchar(255) unique, nombre varchar(255), password varchar(255), role varchar(255) check (role in ('ADMIN','CHOFER','USER')), rut varchar(255) unique, primary key (id))
Hibernate: create table vehiculos (capacidad_kg integer not null, habilitado boolean not null, id bigint generated by default as identity, modelo varchar(255), patente varchar(255) unique, primary key (id))
Hibernate: alter table if exists historial_labor add constraint FKd1njkrxf62hme9pxm454o4lu1 foreign key (chofer_id) references users
Hibernate: alter table if exists ordenes_servicio add constraint FKi4ixllwww0f64fpj6gun3ewg0 foreign key (punto_id) references puntos_recoleccion
Hibernate: alter table if exists ordenes_servicio add constraint FKn37xaqasrrm3cwutlncm4uaxd foreign key (ruta_id) references rutas
Hibernate: alter table if exists puntos_recoleccion add constraint FKbjdfinomuovex3u32xknb8of2 foreign key (cliente_id) references clientes
Hibernate: alter table if exists rutas add constraint FKs8vvgy2a0ijdlrun5mfdhou6a foreign key (chofer_id) references users
Hibernate: alter table if exists rutas add constraint FKewpucdalsrd88jmu9oylfocy4 foreign key (vehiculo_id) references vehiculos
2025-11-29T13:35:22.789-03:00  INFO 19160 --- [           main] j.LocalContainerEntityManagerFactoryBean : Initialized JPA EntityManagerFactory for persistence unit 'default'
2025-11-29T13:35:24.267-03:00  WARN 19160 --- [           main] JpaBaseConfiguration$JpaWebConfiguration : spring.jpa.open-in-view is enabled by default. Therefore, database queries may be performed during view rendering. Explicitly configure spring.jpa.open-in-view to disable this warning
2025-11-29T13:35:24.799-03:00  INFO 19160 --- [           main] o.s.s.web.DefaultSecurityFilterChain     : Will secure any request with [org.springframework.security.web.session.DisableEncodeUrlFilter@7d43c89f, org.springframework.security.web.context.request.async.WebAsyncManagerIntegrationFilter@149ef64a, org.springframework.security.web.context.SecurityContextHolderFilter@30d3f583, org.springframework.security.web.header.HeaderWriterFilter@299615a5, org.springframework.web.filter.CorsFilter@67201eeb, org.springframework.security.web.authentication.logout.LogoutFilter@655d5285, com.appecologica.backend.security.JwtAuthenticationFilter@57063e08, org.springframework.security.web.savedrequest.RequestCacheAwareFilter@73b034ca, org.springframework.security.web.servletapi.SecurityContextHolderAwareRequestFilter@104e6540, org.springframework.security.web.authentication.AnonymousAuthenticationFilter@2e41b65a, org.springframework.security.web.session.SessionManagementFilter@38276668, org.springframework.security.web.access.ExceptionTranslationFilter@154cbb46, org.springframework.security.web.access.intercept.AuthorizationFilter@339b45f8]
2025-11-29T13:35:25.261-03:00  WARN 19160 --- [           main] ConfigServletWebServerApplicationContext : Exception encountered during context initialization - cancelling refresh attempt: org.springframework.context.ApplicationContextException: Failed to start bean 'webServerStartStop'
2025-11-29T13:35:25.261-03:00  INFO 19160 --- [           main] j.LocalContainerEntityManagerFactoryBean : Closing JPA EntityManagerFactory for persistence unit 'default'
Hibernate: drop table if exists clientes cascade 
Hibernate: drop table if exists historial_labor cascade 
Hibernate: drop table if exists materiales cascade 
Hibernate: drop table if exists ordenes_servicio cascade 
Hibernate: drop table if exists puntos_recoleccion cascade 
Hibernate: drop table if exists rutas cascade 
Hibernate: drop table if exists users cascade 
Hibernate: drop table if exists vehiculos cascade 
2025-11-29T13:35:25.287-03:00  INFO 19160 --- [           main] com.zaxxer.hikari.HikariDataSource       : HikariPool-1 - Shutdown initiated...
2025-11-29T13:35:25.287-03:00  INFO 19160 --- [           main] com.zaxxer.hikari.HikariDataSource       : HikariPool-1 - Shutdown completed.
2025-11-29T13:35:25.306-03:00  INFO 19160 --- [           main] .s.b.a.l.ConditionEvaluationReportLogger : 

Error starting ApplicationContext. To display the condition evaluation report re-run your application with 'debug' enabled.
2025-11-29T13:35:25.324-03:00 ERROR 19160 --- [           main] o.s.b.d.LoggingFailureAnalysisReporter   : 

***************************
APPLICATION FAILED TO START
***************************

Description:

Web server failed to start. Port 8080 was already in use.

Action:

Identify and stop the process that's listening on port 8080 or configure this application to listen on another port.

[INFO] ------------------------------------------------------------------------
[INFO] BUILD FAILURE
[INFO] ------------------------------------------------------------------------
[INFO] Total time:  22.813 s
[INFO] Finished at: 2025-11-29T13:35:25-03:00
[INFO] ------------------------------------------------------------------------
[ERROR] Failed to execute goal org.springframework.boot:spring-boot-maven-plugin:3.2.5:run (default-cli) on project backend: Process terminated with exit code: 1 -> [Help 1]
[ERROR] 
[ERROR] To see the full stack trace of the errors, re-run Maven with the -e switch.
[ERROR] Re-run Maven using the -X switch to enable full debug logging.
[ERROR] 
[ERROR] For more information about the errors and possible solutions, please read the following articles:
[ERROR] [Help 1] http://cwiki.apache.org/confluence/display/MAVEN/MojoExecutionException
